instant         00000000-07310028-inflight-append-nprobe
path            /home/ubuntu/davis_root/superpowers/fleet/it/N/home/instants/00000000-07310028-inflight-append-nprobe
created         10
watched_source  /home/ubuntu/davis_root/superpowers/fleet/it/N/home/instants/00000000-07310028-inflight-append-nprobe
register        /home/ubuntu/davis_root/superpowers/fleet/it/N/home/instants/00000000-07310028-inflight-append-nprobe/ISSUES.md
file            /home/ubuntu/davis_root/superpowers/fleet/it/N/home/instants/00000000-07310028-inflight-append-nprobe/evidence
file            /home/ubuntu/davis_root/superpowers/fleet/it/N/home/instants/00000000-07310028-inflight-append-nprobe/investigations
file            /home/ubuntu/davis_root/superpowers/fleet/it/N/home/instants/00000000-07310028-inflight-append-nprobe/plans
file            /home/ubuntu/davis_root/superpowers/fleet/it/N/home/instants/00000000-07310028-inflight-append-nprobe/ASSUMPTIONS.md
file            /home/ubuntu/davis_root/superpowers/fleet/it/N/home/instants/00000000-07310028-inflight-append-nprobe/CHARTER.md
file            /home/ubuntu/davis_root/superpowers/fleet/it/N/home/instants/00000000-07310028-inflight-append-nprobe/DECISIONS.md
file            /home/ubuntu/davis_root/superpowers/fleet/it/N/home/instants/00000000-07310028-inflight-append-nprobe/HANDOFF.md
file            /home/ubuntu/davis_root/superpowers/fleet/it/N/home/instants/00000000-07310028-inflight-append-nprobe/ISSUES.md
file            /home/ubuntu/davis_root/superpowers/fleet/it/N/home/instants/00000000-07310028-inflight-append-nprobe/RUNBOOK.md
file            /home/ubuntu/davis_root/superpowers/fleet/it/N/home/instants/00000000-07310028-inflight-append-nprobe/evidence/INDEX.md
slot      ns1
path      /home/ubuntu/davis_root/superpowers/fleet/it/N/slots/ns1
enrolled  1
slots     ns1
todo_id         nprobe-07310028
instant         /home/ubuntu/davis_root/superpowers/fleet/it/N/home/instants/00000000-07310028-inflight-append-nprobe
slot            ns1
tmux            itfleet-N-w1
claimed         true
watched_source  00000000
exemption       admission-exemption
slot      ns2
path      /home/ubuntu/davis_root/superpowers/fleet/it/N/slots/ns2
enrolled  2
slots     ns1, ns2
