instant         00000000-07310029-inflight-append-nowned
path            /home/ubuntu/davis_root/superpowers/fleet/it/N/home/instants/00000000-07310029-inflight-append-nowned
created         10
watched_source  /home/ubuntu/davis_root/superpowers/fleet/it/N/home/instants/00000000-07310029-inflight-append-nowned
register        /home/ubuntu/davis_root/superpowers/fleet/it/N/home/instants/00000000-07310029-inflight-append-nowned/ISSUES.md
file            /home/ubuntu/davis_root/superpowers/fleet/it/N/home/instants/00000000-07310029-inflight-append-nowned/evidence
file            /home/ubuntu/davis_root/superpowers/fleet/it/N/home/instants/00000000-07310029-inflight-append-nowned/investigations
file            /home/ubuntu/davis_root/superpowers/fleet/it/N/home/instants/00000000-07310029-inflight-append-nowned/plans
file            /home/ubuntu/davis_root/superpowers/fleet/it/N/home/instants/00000000-07310029-inflight-append-nowned/ASSUMPTIONS.md
file            /home/ubuntu/davis_root/superpowers/fleet/it/N/home/instants/00000000-07310029-inflight-append-nowned/CHARTER.md
file            /home/ubuntu/davis_root/superpowers/fleet/it/N/home/instants/00000000-07310029-inflight-append-nowned/DECISIONS.md
file            /home/ubuntu/davis_root/superpowers/fleet/it/N/home/instants/00000000-07310029-inflight-append-nowned/HANDOFF.md
file            /home/ubuntu/davis_root/superpowers/fleet/it/N/home/instants/00000000-07310029-inflight-append-nowned/ISSUES.md
file            /home/ubuntu/davis_root/superpowers/fleet/it/N/home/instants/00000000-07310029-inflight-append-nowned/RUNBOOK.md
file            /home/ubuntu/davis_root/superpowers/fleet/it/N/home/instants/00000000-07310029-inflight-append-nowned/evidence/INDEX.md
todo_id         nowned-07310029
instant         /home/ubuntu/davis_root/superpowers/fleet/it/N/home/instants/00000000-07310029-inflight-append-nowned
slot            ns2
tmux            itfleet-N-own
claimed         true
watched_source  00000000
exemption       admission-exemption
