instant         00000000-07310023-inflight-append-mprobe
path            /home/ubuntu/davis_root/superpowers/fleet/it/M/home/instants/00000000-07310023-inflight-append-mprobe
created         10
watched_source  /home/ubuntu/davis_root/superpowers/fleet/it/M/home/instants/00000000-07310023-inflight-append-mprobe
register        /home/ubuntu/davis_root/superpowers/fleet/it/M/home/instants/00000000-07310023-inflight-append-mprobe/ISSUES.md
file            /home/ubuntu/davis_root/superpowers/fleet/it/M/home/instants/00000000-07310023-inflight-append-mprobe/evidence
file            /home/ubuntu/davis_root/superpowers/fleet/it/M/home/instants/00000000-07310023-inflight-append-mprobe/investigations
file            /home/ubuntu/davis_root/superpowers/fleet/it/M/home/instants/00000000-07310023-inflight-append-mprobe/plans
file            /home/ubuntu/davis_root/superpowers/fleet/it/M/home/instants/00000000-07310023-inflight-append-mprobe/ASSUMPTIONS.md
file            /home/ubuntu/davis_root/superpowers/fleet/it/M/home/instants/00000000-07310023-inflight-append-mprobe/CHARTER.md
file            /home/ubuntu/davis_root/superpowers/fleet/it/M/home/instants/00000000-07310023-inflight-append-mprobe/DECISIONS.md
file            /home/ubuntu/davis_root/superpowers/fleet/it/M/home/instants/00000000-07310023-inflight-append-mprobe/HANDOFF.md
file            /home/ubuntu/davis_root/superpowers/fleet/it/M/home/instants/00000000-07310023-inflight-append-mprobe/ISSUES.md
file            /home/ubuntu/davis_root/superpowers/fleet/it/M/home/instants/00000000-07310023-inflight-append-mprobe/RUNBOOK.md
file            /home/ubuntu/davis_root/superpowers/fleet/it/M/home/instants/00000000-07310023-inflight-append-mprobe/evidence/INDEX.md
slot      ms1
path      /home/ubuntu/davis_root/superpowers/fleet/it/M/slots/ms1
enrolled  1
slots     ms1
golden       /home/ubuntu/davis_root/superpowers/fleet/it/dummy-project/alpha
asked        /home/ubuntu/davis_root/superpowers/fleet/it/dummy-project/alpha
declared_in  /home/ubuntu/davis_root/superpowers/fleet/it/M/home/golden
todo_id         mprobe-07310023
instant         /home/ubuntu/davis_root/superpowers/fleet/it/M/home/instants/00000000-07310023-inflight-append-mprobe
slot            ms1
tmux            itfleet-M-worker
claimed         true
watched_source  00000000
exemption       admission-exemption
milestones: ['M1']
milestone           M1
status              done
at                  2026-07-31T00:23:10Z
proposer            /home/ubuntu/davis_root/superpowers/fleet/it/M/home/instants/00000000-07310023-inflight-append-mprobe
roadmap             /home/ubuntu/davis_root/superpowers/fleet/it/M/home/instants/00000000-07310023-inflight-append-mprobe
destination-chosen  LOCAL — no --to and no origin.json, so this proposal stays in this instant's own inbox and NO COORDINATOR WILL SEE IT. Correct for an instant with no coordinator; wrong for a dispatched worker
evidence            /home/ubuntu/davis_root/superpowers/fleet/it/M/M-setup.out
applied             false — the roadmap is UNCHANGED until the coordinator applies it (single writer)
