abort: 7 flag(s) all present
apply: 7 flag(s) all present
base-check: 5 flag(s) all present
board: 4 flag(s) all present
brief: 5 flag(s) all present
close: 7 flag(s) all present
compaction-status: 5 flag(s) all present
complete: 6 flag(s) all present
declare: 7 flag(s) all present
dispatch: 16 flag(s) all present
enroll: 6 flag(s) all present
harvest: 7 flag(s) all present
init: 8 flag(s) all present
leases: 4 flag(s) all present
lint: 5 flag(s) all present
milestone: 12 flag(s) all present
pane-guard: 5 flag(s) all present
park: 7 flag(s) all present
propose: 10 flag(s) all present
reap: 7 flag(s) all present
reconcile: 5 flag(s) all present
resume: 9 flag(s) all present
review: 10 flag(s) all present
roadmap: 5 flag(s) all present
selftest: 4 flag(s) all present
set-golden: 6 flag(s) all present
status: 5 flag(s) all present
unenroll: 7 flag(s) all present
unpark: 6 flag(s) all present
verify: 5 flag(s) all present
OK M3: every declared flag of all 30 verbs appears in its own usage, with its value form and required marker
