stale source: /home/ubuntu/davis_root/superpowers/fleet/it/L/reg/l7stale 2020-01-01T00:00:00Z None
milestones: ['M1']
cadence: /home/ubuntu/davis_root/superpowers/fleet/it/L/reg/l7stale was last harvested at 2020-01-01T00:00:00Z, past the 1800s window, while work is live — a register nobody reads is the silent source OBS-68 was · clears when: `fleet harvest` runs against /home/ubuntu/davis_root/superpowers/fleet/it/L/reg/l7stale/ISSUES.md · clears who: the coordinator of that effort, or this loop's own tick
slot      s1
path      /home/ubuntu/davis_root/superpowers/fleet/it/L/slots/s1
enrolled  1
slots     s1
cadence: /home/ubuntu/davis_root/superpowers/fleet/it/L/reg/l7stale was last harvested at 2020-01-01T00:00:00Z, past the 1800s window, while work is live — a register nobody reads is the silent source OBS-68 was · clears when: `fleet harvest` runs against /home/ubuntu/davis_root/superpowers/fleet/it/L/reg/l7stale/ISSUES.md · clears who: the coordinator of that effort, or this loop's own tick
todo_id         l7probe-07310022
instant         /home/ubuntu/davis_root/superpowers/fleet/it/L/home/instants/00000000-07310022-inflight-append-l7probe
slot            s1
tmux            itfleet-L-none
claimed         true
watched_source  00000000
exemption       admission-exemption
cadence: /home/ubuntu/davis_root/superpowers/fleet/it/L/reg/l7stale was last harvested at 2020-01-01T00:00:00Z, past the 1800s window, while work is live — a register nobody reads is the silent source OBS-68 was · clears when: `fleet harvest` runs against /home/ubuntu/davis_root/superpowers/fleet/it/L/reg/l7stale/ISSUES.md · clears who: the coordinator of that effort, or this loop's own tick
milestone           M1
status              done
at                  2026-07-31T00:22:23Z
proposer            /home/ubuntu/davis_root/superpowers/fleet/it/L/home/instants/00000000-07310022-inflight-append-l7probe
roadmap             /home/ubuntu/davis_root/superpowers/fleet/it/L/home/instants/00000000-07310022-inflight-append-l7probe
destination-chosen  LOCAL — no --to and no origin.json, so this proposal stays in this instant's own inbox and NO COORDINATOR WILL SEE IT. Correct for an instant with no coordinator; wrong for a dispatched worker
evidence            /home/ubuntu/davis_root/superpowers/fleet/it/L/L7-setup.out
applied             false — the roadmap is UNCHANGED until the coordinator applies it (single writer)
