VIOLATION ./it/RESULTS-closeout-w1.tsv
13:W1-10	PASS		it_section sandboxed the instants directory BY CONSTRUCTION: FLEET_INSTANTS=/home/ubuntu/davis_root/superpowers/.worktrees/fleet-runtime/fleet/it/W1/home/instants is inside /home/ubuntu/davis_root/superpowers/.worktrees/fleet-runtime/fleet/it, so a runner cannot be exposed by forgetting to export it. Before this the caller's ambient value won, and ten strays reached a live effort tree
14:W1-11	PASS	fleet/it/W1/out/w1-11/negative-control.tsv	negative control: a folder THIS SECTION NAMED, appearing in an instants tree outside /home/ubuntu/davis_root/superpowers/.worktrees/fleet-runtime/fleet/it, is reported FAIL — so every ISOLATION verdict about the instants directory is falsifiable. The pre-fix check had no instants term at all and passed while ten strays landed in a live effort tree (I2-11/FI-196)
16:W1-11-restored	PASS	live-instants-W1.txt	the negative control never wrote the shared instants baseline /home/ubuntu/davis_root/superpowers/.worktrees/fleet-runtime/fleet/it/live-instants-W1.txt: it ran against a repointed copy inside a subshell
VIOLATION ./it/RESULTS-runtime-E1.tsv
5:ISOLATION-E-private-leak	PASS	/home/ubuntu/davis_root/superpowers/.worktrees/fleet-runtime/fleet/it/E/out/private-tmux-sessions.txt	none of the 60 session(s) this section created on socket itfleet-E appears on the default server (dt-* dispatch sessions: no name-shape rule can catch these, only the exact names)
VIOLATION ./it/RESULTS-closeout-K.tsv
15:ISOLATION-K-private-leak	PASS	/home/ubuntu/davis_root/superpowers/.worktrees/fleet-runtime/fleet/it/K/out/private-tmux-sessions.txt	none of the 23 session(s) this section created on socket itfleet-K appears on the default server (dt-* dispatch sessions: no name-shape rule can catch these, only the exact names)
VIOLATION ./it/RESULTS.tsv
68:ISOLATION-K-private-leak	PASS	/home/ubuntu/davis_root/superpowers/fleet/it/K/out/private-tmux-sessions.txt	none of the 23 session(s) this section created on socket itfleet-K appears on the default server (dt-* dispatch sessions: no name-shape rule can catch these, only the exact names)
142:ISOLATION-E-private-leak	PASS	/home/ubuntu/davis_root/superpowers/fleet/it/E/out/private-tmux-sessions.txt	none of the 291 session(s) this section created on socket itfleet-E appears on the default server (dt-* dispatch sessions: no name-shape rule can catch these, only the exact names)
311:W1-10	PASS		it_section sandboxed the instants directory BY CONSTRUCTION: FLEET_INSTANTS=/home/ubuntu/davis_root/superpowers/fleet/it/W1/home/instants is inside /home/ubuntu/davis_root/superpowers/fleet/it, so a runner cannot be exposed by forgetting to export it. Before this the caller's ambient value won, and ten strays reached a live effort tree
312:W1-11	PASS	fleet/it/W1/out/w1-11/negative-control.tsv	negative control: a folder THIS SECTION NAMED, appearing in an instants tree outside /home/ubuntu/davis_root/superpowers/fleet/it, is reported FAIL — so every ISOLATION verdict about the instants directory is falsifiable. The pre-fix check had no instants term at all and passed while ten strays landed in a live effort tree (I2-11/FI-196)
314:W1-11-restored	PASS	live-instants-W1.txt	the negative control never wrote the shared instants baseline /home/ubuntu/davis_root/superpowers/fleet/it/live-instants-W1.txt: it ran against a repointed copy inside a subshell
VIOLATION ./it/RESULTS-runtime-w1.tsv
12:W1-10	PASS		it_section sandboxed the instants directory BY CONSTRUCTION: FLEET_INSTANTS=/home/ubuntu/davis_root/superpowers/.worktrees/fleet-runtime/fleet/it/W1/home/instants is inside /home/ubuntu/davis_root/superpowers/.worktrees/fleet-runtime/fleet/it, so a runner cannot be exposed by forgetting to export it. Before this the caller's ambient value won, and ten strays reached a live effort tree
13:W1-11	PASS	fleet/it/W1/out/w1-11/negative-control.tsv	negative control: a folder THIS SECTION NAMED, appearing in an instants tree outside /home/ubuntu/davis_root/superpowers/.worktrees/fleet-runtime/fleet/it, is reported FAIL — so every ISOLATION verdict about the instants directory is falsifiable. The pre-fix check had no instants term at all and passed while ten strays landed in a live effort tree (I2-11/FI-196)
15:W1-11-restored	PASS	live-instants-W1.txt	the negative control never wrote the shared instants baseline /home/ubuntu/davis_root/superpowers/.worktrees/fleet-runtime/fleet/it/live-instants-W1.txt: it ran against a repointed copy inside a subshell
VIOLATION ./it/RESULTS-closeout-E.tsv
13:ISOLATION-E-private-leak	PASS	/home/ubuntu/davis_root/superpowers/.worktrees/fleet-runtime/fleet/it/E/out/private-tmux-sessions.txt	none of the 282 session(s) this section created on socket itfleet-E appears on the default server (dt-* dispatch sessions: no name-shape rule can catch these, only the exact names)
VIOLATION ./it/RESULTS-runtime-K.tsv
15:ISOLATION-K-private-leak	PASS	/home/ubuntu/davis_root/superpowers/.worktrees/fleet-runtime/fleet/it/K/out/private-tmux-sessions.txt	none of the 23 session(s) this section created on socket itfleet-K appears on the default server (dt-* dispatch sessions: no name-shape rule can catch these, only the exact names)
evidence paths escape the instant
